
> paper@1.0.0 start
> NODE_OPTIONS=--openssl-legacy-provider webpack-dev-server --open

[34mℹ[39m [90m｢wds｣[39m: Project is running at http://localhost:8080/
[34mℹ[39m [90m｢wds｣[39m: webpack output is served from /
[34mℹ[39m [90m｢wds｣[39m: Content not from webpack is served from /Users/plunketk/projects/pulp
[34mℹ[39m [90m｢wdm｣[39m: wait until bundle finished: /
Browserslist: caniuse-lite is outdated. Please run:
  npx update-browserslist-db@latest
  Why you should do it regularly: https://github.com/browserslist/update-db#readme
[31m✖[39m [90m｢wdm｣[39m: Hash: f2e58fccce553a45f5ae
Version: webpack 4.46.0
Time: 878ms
Built at: 05/11/2026 9:45:07 PM
                                Asset       Size  Chunks             Chunk Names
b7c9e1e479de3b53f1e4e30ebac2403a.woff   1.35 KiB          [emitted]  
                            bundle.js   3.73 MiB    main  [emitted]  main
 c5cd7f5300576ab4c88202b42f6ded62.gif   4.08 KiB          [emitted]  
 ced611daf7709cc778da928fec876475.eot      2 KiB          [emitted]  
 d41f55a78e6f49a5512878df1737e58a.ttf   1.85 KiB          [emitted]  
 f97e3bbf73254b0112091d0192f17aec.svg    2.1 KiB          [emitted]  
                           index.html  624 bytes          [emitted]  
                             logo.png   38.1 KiB          [emitted]  
Entrypoint main = bundle.js
[0] multi (webpack)-dev-server/client?http://localhost:8080 ./src 40 bytes {main} [built]
[./node_modules/react-dom/index.js] 1.33 KiB {main} [built]
[./node_modules/react/index.js] 190 bytes {main} [built]
[./node_modules/webpack-dev-server/client/index.js?http://localhost:8080] (webpack)-dev-server/client?http://localhost:8080 4.29 KiB {main} [built]
[./node_modules/webpack-dev-server/client/overlay.js] (webpack)-dev-server/client/overlay.js 3.52 KiB {main} [built]
[./node_modules/webpack-dev-server/client/socket.js] (webpack)-dev-server/client/socket.js 1.53 KiB {main} [built]
[./node_modules/webpack-dev-server/client/utils/createSocketUrl.js] (webpack)-dev-server/client/utils/createSocketUrl.js 2.91 KiB {main} [built]
[./node_modules/webpack-dev-server/client/utils/log.js] (webpack)-dev-server/client/utils/log.js 964 bytes {main} [built]
[./node_modules/webpack-dev-server/client/utils/reloadApp.js] (webpack)-dev-server/client/utils/reloadApp.js 1.59 KiB {main} [built]
[./node_modules/webpack-dev-server/client/utils/sendMessage.js] (webpack)-dev-server/client/utils/sendMessage.js 402 bytes {main} [built]
[./node_modules/webpack-dev-server/node_modules/strip-ansi/index.js] (webpack)-dev-server/node_modules/strip-ansi/index.js 161 bytes {main} [built]
[./node_modules/webpack/hot sync ^\.\/log$] (webpack)/hot sync nonrecursive ^\.\/log$ 170 bytes {main} [built]
[./src/App.js] 4.48 KiB {main} [built]
[./src/HardcoverService.js] 19.7 KiB {main} [built]
[./src/index.js] 18.3 KiB {main} [built]
    + 71 hidden modules

ERROR in ./src/scss/style.scss (./node_modules/css-loader/dist/cjs.js!./node_modules/sass-loader/dist/cjs.js!./src/scss/style.scss)
Module build failed (from ./node_modules/sass-loader/dist/cjs.js):
SassError: Undefined variable.
   ╷
90 │             color: $primary-dark;
   │                    ^^^^^^^^^^^^^
   ╵
  src/scss/components/_grid.scss 90:20  @use
  /Users/plunketk/projects/pulp/src/scss/style.scss 5:1                             root stylesheet
 @ ./src/scss/style.scss 2:26-136
 @ ./src/index.js
Child html-webpack-plugin for "index.html":
     1 asset
    Entrypoint undefined = index.html
    [./node_modules/html-webpack-plugin/lib/loader.js!./src/index.html] 735 bytes {0} [built]
    [./node_modules/lodash/lodash.js] 531 KiB {0} [built]
    [./node_modules/webpack/buildin/global.js] (webpack)/buildin/global.js 472 bytes {0} [built]
    [./node_modules/webpack/buildin/module.js] (webpack)/buildin/module.js 497 bytes {0} [built]
[34mℹ[39m [90m｢wdm｣[39m: Failed to compile.
